#
# There is insufficient memory for the Java Runtime Environment to continue.
# Native memory allocation (malloc) failed to allocate 1048576 bytes. Error detail: AllocateHeap
# Possible reasons:
#   The system is out of physical RAM or swap space
#   This process is running with CompressedOops enabled, and the Java Heap may be blocking the growth of the native heap
# Possible solutions:
#   Reduce memory load on the system
#   Increase physical memory or swap space
#   Check if swap backing store is full
#   Decrease Java heap size (-Xmx/-Xms)
#   Decrease number of Java threads
#   Decrease Java thread stack sizes (-Xss)
#   Set larger code cache with -XX:ReservedCodeCacheSize=
#   JVM is running with Unscaled Compressed Oops mode in which the Java heap is
#     placed in the first 4GB address space. The Java Heap base address is the
#     maximum limit for the native heap growth. Please use -XX:HeapBaseMinAddress
#     to set the Java Heap base and to place the Java Heap above 4GB virtual address.
# This output file may be truncated or incomplete.
#
#  Out of Memory Error (allocation.cpp:44), pid=24436, tid=18076
#
# JRE version: OpenJDK Runtime Environment Temurin-21.0.9+10 (21.0.9+10) (build 21.0.9+10-LTS)
# Java VM: OpenJDK 64-Bit Server VM Temurin-21.0.9+10 (21.0.9+10-LTS, mixed mode, sharing, tiered, compressed oops, compressed class ptrs, parallel gc, windows-amd64)
# No core dump will be written. Minidumps are not enabled by default on client versions of Windows
#

---------------  S U M M A R Y ------------

Command Line: --add-modules=ALL-SYSTEM --add-opens=java.base/java.util=ALL-UNNAMED --add-opens=java.base/java.lang=ALL-UNNAMED --add-opens=java.base/sun.nio.fs=ALL-UNNAMED -Declipse.application=org.eclipse.jdt.ls.core.id1 -Dosgi.bundles.defaultStartLevel=4 -Declipse.product=org.eclipse.jdt.ls.core.product -Djava.import.generatesMetadataFilesAtProjectRoot=false -DDetectVMInstallationsJob.disabled=true -Dfile.encoding=utf8 -XX:+UseParallelGC -XX:GCTimeRatio=4 -XX:AdaptiveSizePolicyWeight=90 -Dsun.zip.disableMemoryMapping=true -Xmx2G -Xms100m -Xlog:disable -javaagent:c:\Users\ddgol\.vscode\extensions\redhat.java-1.50.0-win32-x64\lombok\lombok-1.18.39-4050.jar -XX:+HeapDumpOnOutOfMemoryError -XX:HeapDumpPath=c:\Users\ddgol\AppData\Roaming\Code\User\workspaceStorage\82c0340969e9a167fd75a9e72ffabdbd\redhat.java -Daether.dependencyCollector.impl=bf c:\Users\ddgol\.vscode\extensions\redhat.java-1.50.0-win32-x64\server\plugins\org.eclipse.equinox.launcher_1.7.100.v20251111-0406.jar -configuration c:\Users\ddgol\AppData\Roaming\Code\User\globalStorage\redhat.java\1.50.0\config_win -data c:\Users\ddgol\AppData\Roaming\Code\User\workspaceStorage\82c0340969e9a167fd75a9e72ffabdbd\redhat.java\jdt_ws --pipe=\\.\pipe\lsp-531395bc87e1bb9edf703214507f7e40-sock

Host: Intel(R) Core(TM) i7-10870H CPU @ 2.20GHz, 16 cores, 15G,  Windows 11 , 64 bit Build 26100 (10.0.26100.7019)
Time: Mon Dec  8 23:40:58 2025 elapsed time: 5759.760185 seconds (0d 1h 35m 59s)

---------------  T H R E A D  ---------------

Current thread (0x000001b36f7de230):  JavaThread "Attach Listener" daemon [_thread_in_vm, id=18076, stack(0x0000003062e00000,0x0000003062f00000) (1024K)]

Stack: [0x0000003062e00000,0x0000003062f00000]
Native frames: (J=compiled Java code, j=interpreted, Vv=VM code, C=native code)
V  [jvm.dll+0x6d6e29]
V  [jvm.dll+0x8b4b76]
V  [jvm.dll+0x8b712e]
V  [jvm.dll+0x8b7813]
V  [jvm.dll+0x283d86]
V  [jvm.dll+0xc1277]
V  [jvm.dll+0x6d76d9]
V  [jvm.dll+0x133466]
V  [jvm.dll+0x3f7ea6]
V  [jvm.dll+0x85e9ad]
V  [jvm.dll+0x6d565d]
C  [ucrtbase.dll+0x37b0]
C  [KERNEL32.DLL+0x2e8d7]
C  [ntdll.dll+0x8c53c]


---------------  P R O C E S S  ---------------

Threads class SMR info:
_java_thread_list=0x000001b30e26f1f0, length=50, elements={
0x000001b3167ed230, 0x000001b36f7da650, 0x000001b36f7dc220, 0x000001b31679e310,
0x000001b36f7de230, 0x000001b36f7e9f00, 0x000001b36f7eb2a0, 0x000001b36f7ff560,
0x000001b36f820000, 0x000001b36fa8d5b0, 0x000001b37501a460, 0x000001b375875d80,
0x000001b375850780, 0x000001b375ccb840, 0x000001b375cd2000, 0x000001b376016d00,
0x000001b3762cebf0, 0x000001b3765d8ea0, 0x000001b3765d9530, 0x000001b3765da250,
0x000001b3765db600, 0x000001b37759fc30, 0x000001b37759ef10, 0x000001b3775a1d00,
0x000001b3775a1670, 0x000001b37759e880, 0x000001b37759f5a0, 0x000001b3775a0fe0,
0x000001b3775a0950, 0x000001b3775a02c0, 0x000001b3771bb6d0, 0x000001b3771beb50,
0x000001b3771be4c0, 0x000001b3771bbd60, 0x000001b3771bc3f0, 0x000001b3771bd7a0,
0x000001b3771bf870, 0x000001b3771bca80, 0x000001b3771bf1e0, 0x000001b3771bd110,
0x000001b3771c12b0, 0x000001b3771c2660, 0x000001b3771c2cf0, 0x000001b37bd6a6a0,
0x000001b37bd6a010, 0x000001b37bd6ba50, 0x000001b37bd6c0e0, 0x000001b37bd6eed0,
0x000001b37699af20, 0x000001b30e5c3c40
}

Java Threads: ( => current thread )
  0x000001b3167ed230 JavaThread "main"                              [_thread_blocked, id=32156, stack(0x0000003062700000,0x0000003062800000) (1024K)]
  0x000001b36f7da650 JavaThread "Reference Handler"          daemon [_thread_blocked, id=15136, stack(0x0000003062b00000,0x0000003062c00000) (1024K)]
  0x000001b36f7dc220 JavaThread "Finalizer"                  daemon [_thread_blocked, id=12220, stack(0x0000003062c00000,0x0000003062d00000) (1024K)]
  0x000001b31679e310 JavaThread "Signal Dispatcher"          daemon [_thread_blocked, id=28520, stack(0x0000003062d00000,0x0000003062e00000) (1024K)]
=>0x000001b36f7de230 JavaThread "Attach Listener"            daemon [_thread_in_vm, id=18076, stack(0x0000003062e00000,0x0000003062f00000) (1024K)]
  0x000001b36f7e9f00 JavaThread "Service Thread"             daemon [_thread_blocked, id=6672, stack(0x0000003062f00000,0x0000003063000000) (1024K)]
  0x000001b36f7eb2a0 JavaThread "Monitor Deflation Thread"   daemon [_thread_blocked, id=26104, stack(0x0000003063000000,0x0000003063100000) (1024K)]
  0x000001b36f7ff560 JavaThread "C2 CompilerThread0"         daemon [_thread_blocked, id=28768, stack(0x0000003063100000,0x0000003063200000) (1024K)]
  0x000001b36f820000 JavaThread "C1 CompilerThread0"         daemon [_thread_blocked, id=21000, stack(0x0000003063200000,0x0000003063300000) (1024K)]
  0x000001b36fa8d5b0 JavaThread "Common-Cleaner"             daemon [_thread_blocked, id=20160, stack(0x0000003063700000,0x0000003063800000) (1024K)]
  0x000001b37501a460 JavaThread "Notification Thread"        daemon [_thread_blocked, id=9436, stack(0x0000003063800000,0x0000003063900000) (1024K)]
  0x000001b375875d80 JavaThread "Active Thread: Equinox Container: b77b6676-0e57-4d4f-b204-d39b2edabbee"        [_thread_blocked, id=19908, stack(0x0000003064100000,0x0000003064200000) (1024K)]
  0x000001b375850780 JavaThread "Refresh Thread: Equinox Container: b77b6676-0e57-4d4f-b204-d39b2edabbee" daemon [_thread_blocked, id=16788, stack(0x0000003064300000,0x0000003064400000) (1024K)]
  0x000001b375ccb840 JavaThread "Framework Event Dispatcher: Equinox Container: b77b6676-0e57-4d4f-b204-d39b2edabbee" daemon [_thread_blocked, id=24768, stack(0x0000003064400000,0x0000003064500000) (1024K)]
  0x000001b375cd2000 JavaThread "Start Level: Equinox Container: b77b6676-0e57-4d4f-b204-d39b2edabbee" daemon [_thread_blocked, id=2424, stack(0x0000003064500000,0x0000003064600000) (1024K)]
  0x000001b376016d00 JavaThread "Bundle File Closer"         daemon [_thread_blocked, id=25152, stack(0x0000003064800000,0x0000003064900000) (1024K)]
  0x000001b3762cebf0 JavaThread "SCR Component Actor"        daemon [_thread_blocked, id=19064, stack(0x0000003063600000,0x0000003063700000) (1024K)]
  0x000001b3765d8ea0 JavaThread "Worker-JM"                         [_thread_blocked, id=30424, stack(0x0000003064d00000,0x0000003064e00000) (1024K)]
  0x000001b3765d9530 JavaThread "Java indexing"              daemon [_thread_blocked, id=26596, stack(0x0000003065000000,0x0000003065100000) (1024K)]
  0x000001b3765da250 JavaThread "JNA Cleaner"                daemon [_thread_blocked, id=22336, stack(0x0000003065100000,0x0000003065200000) (1024K)]
  0x000001b3765db600 JavaThread "Thread-1"                   daemon [_thread_in_native, id=4084, stack(0x0000003065600000,0x0000003065700000) (1024K)]
  0x000001b37759fc30 JavaThread "Thread-2"                   daemon [_thread_in_native, id=13700, stack(0x0000003065700000,0x0000003065800000) (1024K)]
  0x000001b37759ef10 JavaThread "Thread-3"                   daemon [_thread_in_native, id=27920, stack(0x0000003065800000,0x0000003065900000) (1024K)]
  0x000001b3775a1d00 JavaThread "Thread-4"                   daemon [_thread_in_native, id=29416, stack(0x0000003065900000,0x0000003065a00000) (1024K)]
  0x000001b3775a1670 JavaThread "Thread-5"                   daemon [_thread_in_native, id=27868, stack(0x0000003065a00000,0x0000003065b00000) (1024K)]
  0x000001b37759e880 JavaThread "Thread-6"                   daemon [_thread_in_native, id=14492, stack(0x0000003065b00000,0x0000003065c00000) (1024K)]
  0x000001b37759f5a0 JavaThread "Thread-7"                   daemon [_thread_in_native, id=7436, stack(0x0000003065c00000,0x0000003065d00000) (1024K)]
  0x000001b3775a0fe0 JavaThread "Thread-8"                   daemon [_thread_in_native, id=31444, stack(0x0000003065d00000,0x0000003065e00000) (1024K)]
  0x000001b3775a0950 JavaThread "Thread-9"                   daemon [_thread_in_native, id=20760, stack(0x0000003065e00000,0x0000003065f00000) (1024K)]
  0x000001b3775a02c0 JavaThread "Thread-10"                  daemon [_thread_in_native, id=26692, stack(0x0000003065f00000,0x0000003066000000) (1024K)]
  0x000001b3771bb6d0 JavaThread "Thread-11"                  daemon [_thread_in_native, id=29176, stack(0x0000003066000000,0x0000003066100000) (1024K)]
  0x000001b3771beb50 JavaThread "Thread-12"                  daemon [_thread_in_native, id=30264, stack(0x0000003066100000,0x0000003066200000) (1024K)]
  0x000001b3771be4c0 JavaThread "Thread-13"                  daemon [_thread_in_native, id=29884, stack(0x0000003066200000,0x0000003066300000) (1024K)]
  0x000001b3771bbd60 JavaThread "Thread-14"                  daemon [_thread_in_native, id=28140, stack(0x0000003066300000,0x0000003066400000) (1024K)]
  0x000001b3771bc3f0 JavaThread "Thread-15"                  daemon [_thread_in_native, id=15684, stack(0x0000003066400000,0x0000003066500000) (1024K)]
  0x000001b3771bd7a0 JavaThread "Thread-16"                  daemon [_thread_in_native, id=11872, stack(0x0000003066500000,0x0000003066600000) (1024K)]
  0x000001b3771bf870 JavaThread "Thread-17"                  daemon [_thread_in_native, id=22600, stack(0x0000003066600000,0x0000003066700000) (1024K)]
  0x000001b3771bca80 JavaThread "pool-2-thread-1"                   [_thread_blocked, id=12684, stack(0x0000003066700000,0x0000003066800000) (1024K)]
  0x000001b3771bf1e0 JavaThread "WorkspaceEventsHandler"            [_thread_blocked, id=27696, stack(0x0000003066f00000,0x0000003067000000) (1024K)]
  0x000001b3771bd110 JavaThread "pool-1-thread-1"                   [_thread_blocked, id=27336, stack(0x0000003067000000,0x0000003067100000) (1024K)]
  0x000001b3771c12b0 JavaThread "Timer-0"                           [_thread_blocked, id=30704, stack(0x0000003066d00000,0x0000003066e00000) (1024K)]
  0x000001b3771c2660 JavaThread "Timer-1"                           [_thread_blocked, id=2452, stack(0x0000003064a00000,0x0000003064b00000) (1024K)]
  0x000001b3771c2cf0 JavaThread "Timer-2"                           [_thread_blocked, id=28756, stack(0x0000003064f00000,0x0000003065000000) (1024K)]
  0x000001b37bd6a6a0 JavaThread "Timer-3"                           [_thread_blocked, id=30568, stack(0x0000003066800000,0x0000003066900000) (1024K)]
  0x000001b37bd6a010 JavaThread "Timer-4"                           [_thread_blocked, id=24564, stack(0x0000003066900000,0x0000003066a00000) (1024K)]
  0x000001b37bd6ba50 JavaThread "Timer-5"                           [_thread_blocked, id=22704, stack(0x0000003063400000,0x0000003063500000) (1024K)]
  0x000001b37bd6c0e0 JavaThread "Timer-6"                           [_thread_blocked, id=21180, stack(0x0000003066e00000,0x0000003066f00000) (1024K)]
  0x000001b37bd6eed0 JavaThread "Timer-7"                           [_thread_blocked, id=24364, stack(0x0000003067700000,0x0000003067800000) (1024K)]
  0x000001b37699af20 JavaThread "Worker-16"                         [_thread_blocked, id=11040, stack(0x0000003062600000,0x0000003062700000) (1024K)]
  0x000001b30e5c3c40 JavaThread "Worker-19"                         [_thread_blocked, id=5980, stack(0x0000003067600000,0x0000003067700000) (1024K)]
Total: 50

Other Threads:
  0x000001b36f7d32d0 VMThread "VM Thread"                           [id=3864, stack(0x0000003062a00000,0x0000003062b00000) (1024K)]
  0x000001b31667ca00 WatcherThread "VM Periodic Task Thread"        [id=27092, stack(0x0000003062900000,0x0000003062a00000) (1024K)]
  0x000001b31680b070 WorkerThread "GC Thread#0"                     [id=26448, stack(0x0000003062800000,0x0000003062900000) (1024K)]
  0x000001b3751b3bd0 WorkerThread "GC Thread#1"                     [id=31100, stack(0x0000003063a00000,0x0000003063b00000) (1024K)]
  0x000001b375535d20 WorkerThread "GC Thread#2"                     [id=10144, stack(0x0000003063b00000,0x0000003063c00000) (1024K)]
  0x000001b3751b7fe0 WorkerThread "GC Thread#3"                     [id=23112, stack(0x0000003063c00000,0x0000003063d00000) (1024K)]
  0x000001b3751b8380 WorkerThread "GC Thread#4"                     [id=30868, stack(0x0000003063d00000,0x0000003063e00000) (1024K)]
  0x000001b3751b8720 WorkerThread "GC Thread#5"                     [id=16072, stack(0x0000003063e00000,0x0000003063f00000) (1024K)]
  0x000001b3753ac3f0 WorkerThread "GC Thread#6"                     [id=23252, stack(0x0000003063f00000,0x0000003064000000) (1024K)]
  0x000001b37592bae0 WorkerThread "GC Thread#7"                     [id=11444, stack(0x0000003064200000,0x0000003064300000) (1024K)]
  0x000001b375bb22b0 WorkerThread "GC Thread#8"                     [id=17520, stack(0x0000003064000000,0x0000003064100000) (1024K)]
  0x000001b375bb0cf0 WorkerThread "GC Thread#9"                     [id=29892, stack(0x0000003064600000,0x0000003064700000) (1024K)]
  0x000001b375bb1090 WorkerThread "GC Thread#10"                    [id=23856, stack(0x0000003064700000,0x0000003064800000) (1024K)]
  0x000001b375bb1430 WorkerThread "GC Thread#11"                    [id=28304, stack(0x0000003063900000,0x0000003063a00000) (1024K)]
  0x000001b375bb17d0 WorkerThread "GC Thread#12"                    [id=26756, stack(0x0000003064b00000,0x0000003064c00000) (1024K)]
Total: 15

Threads with active compile tasks:
Total: 0

VM state: not at safepoint (normal execution)

VM Mutex/Monitor currently owned by a thread: None

Heap address: 0x0000000080000000, size: 2048 MB, Compressed Oops mode: 32-bit

CDS archive(s) mapped at: [0x000001b32e000000-0x000001b32eba0000-0x000001b32eba0000), size 12189696, SharedBaseAddress: 0x000001b32e000000, ArchiveRelocationMode: 1.
Compressed class space mapped at: 0x000001b32f000000-0x000001b36f000000, reserved size: 1073741824
Narrow klass base: 0x000001b32e000000, Narrow klass shift: 0, Narrow klass range: 0x100000000

GC Precious Log:
 CardTable entry size: 512
 CPUs: 16 total, 16 available
 Memory: 16158M
 Large Page Support: Disabled
 NUMA Support: Disabled
 Compressed Oops: Enabled (32-bit)
 Alignments: Space 512K, Generation 512K, Heap 2M
 Heap Min Capacity: 100M
 Heap Initial Capacity: 100M
 Heap Max Capacity: 2G
 Pre-touch: Disabled
 Parallel Workers: 13

Heap:
 PSYoungGen      total 3072K, used 1847K [0x00000000d5580000, 0x00000000d5a00000, 0x0000000100000000)
  eden space 2560K, 63% used [0x00000000d5580000,0x00000000d5715d60,0x00000000d5800000)
  from space 512K, 43% used [0x00000000d5980000,0x00000000d59b8000,0x00000000d5a00000)
  to   space 512K, 0% used [0x00000000d5900000,0x00000000d5900000,0x00000000d5980000)
 ParOldGen       total 452096K, used 451885K [0x0000000080000000, 0x000000009b980000, 0x00000000d5580000)
  object space 452096K, 99% used [0x0000000080000000,0x000000009b94b430,0x000000009b980000)
 Metaspace       used 89327K, committed 91136K, reserved 1179648K
  class space    used 10266K, committed 11200K, reserved 1048576K

Card table byte_map: [0x000001b316190000,0x000001b3165a0000] _byte_map_base: 0x000001b315d90000

Marking Bits: (ParMarkBitMap*) 0x00007ffcfcf52460
 Begin Bits: [0x000001b328ca0000, 0x000001b32aca0000)
 End Bits:   [0x000001b32aca0000, 0x000001b32cca0000)

Polling page: 0x000001b3145f0000

Metaspace:

Usage:
  Non-class:     77.21 MB used.
      Class:     10.03 MB used.
       Both:     87.23 MB used.

Virtual space:
  Non-class space:      128.00 MB reserved,      78.06 MB ( 61%) committed,  2 nodes.
      Class space:        1.00 GB reserved,      10.94 MB (  1%) committed,  1 nodes.
             Both:        1.12 GB reserved,      89.00 MB (  8%) committed. 

Chunk freelists:
   Non-Class:  1.31 MB
       Class:  5.20 MB
        Both:  6.51 MB

MaxMetaspaceSize: unlimited
CompressedClassSpaceSize: 1.00 GB
Initial GC threshold: 21.00 MB
Current GC threshold: 147.19 MB
CDS: on
 - commit_granule_bytes: 65536.
 - commit_granule_words: 8192.
 - virtual_space_node_default_size: 8388608.
 - enlarge_chunks_in_place: 1.
 - use_allocation_guard: 0.


Internal statistics:

num_allocs_failed_limit: 9.
num_arena_births: 1694.
num_arena_deaths: 708.
num_vsnodes_births: 3.
num_vsnodes_deaths: 0.
num_space_committed: 1424.
num_space_uncommitted: 0.
num_chunks_returned_to_freelist: 860.
num_chunks_taken_from_freelist: 5771.
num_chunk_merges: 295.
num_chunk_splits: 3558.
num_chunks_enlarged: 2181.
num_inconsistent_stats: 0.

CodeHeap 'non-profiled nmethods': size=119168Kb used=18091Kb max_used=19766Kb free=101077Kb
 bounds [0x000001b321590000, 0x000001b3228e0000, 0x000001b3289f0000]
CodeHeap 'profiled nmethods': size=119104Kb used=34551Kb max_used=37845Kb free=84552Kb
 bounds [0x000001b3199f0000, 0x000001b31bf30000, 0x000001b320e40000]
CodeHeap 'non-nmethods': size=7488Kb used=1494Kb max_used=3291Kb free=5993Kb
 bounds [0x000001b320e40000, 0x000001b3211b0000, 0x000001b321590000]
CodeCache: size=245760Kb, used=54136Kb, max_used=60902Kb, free=191622Kb
 total_blobs=15012, nmethods=14198, adapters=717, full_count=0
Compilation: enabled, stopped_count=0, restarted_count=0

Compilation events (20 events):
Event: 4653.001 Thread 0x000001b36f820000 18222       3       java.util.HashMap::compute (339 bytes)
Event: 4653.004 Thread 0x000001b36f820000 nmethod 18222 0x000001b319c98390 code [0x000001b319c986e0, 0x000001b319c99cd8]
Event: 4653.004 Thread 0x000001b36f820000 18220       1       org.eclipse.core.internal.events.BuilderPersistentInfo::setInterestingProjects (6 bytes)
Event: 4653.004 Thread 0x000001b36f820000 nmethod 18220 0x000001b322191590 code [0x000001b322191720, 0x000001b322191800]
Event: 4653.004 Thread 0x000001b36f820000 18221       1       org.eclipse.core.internal.events.BuilderPersistentInfo::getLastBuiltTree (5 bytes)
Event: 4653.004 Thread 0x000001b36f820000 nmethod 18221 0x000001b321fcdc10 code [0x000001b321fcdda0, 0x000001b321fcde68]
Event: 4735.143 Thread 0x000001b36f820000 18223       3       java.lang.ProcessHandleImpl::get (51 bytes)
Event: 4735.148 Thread 0x000001b36f820000 nmethod 18223 0x000001b31ab40290 code [0x000001b31ab404a0, 0x000001b31ab40aa8]
Event: 4735.148 Thread 0x000001b36f820000 18224       3       java.lang.ProcessHandleImpl::isAlive (44 bytes)
Event: 4735.148 Thread 0x000001b36f820000 nmethod 18224 0x000001b31a1d5a10 code [0x000001b31a1d5bc0, 0x000001b31a1d5e20]
Event: 4934.707 Thread 0x000001b36f820000 18225       3       java.util.concurrent.locks.AbstractQueuedSynchronizer$ConditionObject::await (202 bytes)
Event: 4934.710 Thread 0x000001b36f820000 nmethod 18225 0x000001b31ae30310 code [0x000001b31ae30600, 0x000001b31ae31430]
Event: 4989.240 Thread 0x000001b36f820000 18226       3       java.lang.ref.ReferenceQueue::await (15 bytes)
Event: 4989.242 Thread 0x000001b36f820000 nmethod 18226 0x000001b31a81bc10 code [0x000001b31a81bdc0, 0x000001b31a81bf60]
Event: 5019.241 Thread 0x000001b36f820000 18227   !   3       java.util.logging.LogManager::getUserContext (118 bytes)
Event: 5019.244 Thread 0x000001b36f820000 nmethod 18227 0x000001b31a870e10 code [0x000001b31a870fc0, 0x000001b31a871230]
Event: 5019.244 Thread 0x000001b36f820000 18228       3       jdk.internal.access.SharedSecrets::getJavaAWTAccess (4 bytes)
Event: 5019.244 Thread 0x000001b36f820000 nmethod 18228 0x000001b319e1f210 code [0x000001b319e1f3a0, 0x000001b319e1f498]
Event: 5686.113 Thread 0x000001b36f820000 18229       3       org.eclipse.lsp4j.jsonrpc.json.adapters.MessageTypeAdapter::parseResult (115 bytes)
Event: 5686.167 Thread 0x000001b36f820000 nmethod 18229 0x000001b31ab77e10 code [0x000001b31ab780a0, 0x000001b31ab78cd8]

GC Heap History (20 events):
Event: 3333.966 GC heap before
{Heap before GC invocations=3860 (full 5):
 PSYoungGen      total 3072K, used 2880K [0x00000000d5580000, 0x00000000d5a00000, 0x0000000100000000)
  eden space 2560K, 100% used [0x00000000d5580000,0x00000000d5800000,0x00000000d5800000)
  from space 512K, 62% used [0x00000000d5980000,0x00000000d59d0000,0x00000000d5a00000)
  to   space 512K, 0% used [0x00000000d5900000,0x00000000d5900000,0x00000000d5980000)
 ParOldGen       total 452096K, used 451669K [0x0000000080000000, 0x000000009b980000, 0x00000000d5580000)
  object space 452096K, 99% used [0x0000000080000000,0x000000009b915430,0x000000009b980000)
 Metaspace       used 89252K, committed 91072K, reserved 1179648K
  class space    used 10266K, committed 11200K, reserved 1048576K
}
Event: 3333.967 GC heap after
{Heap after GC invocations=3860 (full 5):
 PSYoungGen      total 3072K, used 256K [0x00000000d5580000, 0x00000000d5a00000, 0x0000000100000000)
  eden space 2560K, 0% used [0x00000000d5580000,0x00000000d5580000,0x00000000d5800000)
  from space 512K, 50% used [0x00000000d5900000,0x00000000d5940000,0x00000000d5980000)
  to   space 512K, 0% used [0x00000000d5980000,0x00000000d5980000,0x00000000d5a00000)
 ParOldGen       total 452096K, used 451757K [0x0000000080000000, 0x000000009b980000, 0x00000000d5580000)
  object space 452096K, 99% used [0x0000000080000000,0x000000009b92b430,0x000000009b980000)
 Metaspace       used 89252K, committed 91072K, reserved 1179648K
  class space    used 10266K, committed 11200K, reserved 1048576K
}
Event: 3339.150 GC heap before
{Heap before GC invocations=3861 (full 5):
 PSYoungGen      total 3072K, used 2816K [0x00000000d5580000, 0x00000000d5a00000, 0x0000000100000000)
  eden space 2560K, 100% used [0x00000000d5580000,0x00000000d5800000,0x00000000d5800000)
  from space 512K, 50% used [0x00000000d5900000,0x00000000d5940000,0x00000000d5980000)
  to   space 512K, 0% used [0x00000000d5980000,0x00000000d5980000,0x00000000d5a00000)
 ParOldGen       total 452096K, used 451757K [0x0000000080000000, 0x000000009b980000, 0x00000000d5580000)
  object space 452096K, 99% used [0x0000000080000000,0x000000009b92b430,0x000000009b980000)
 Metaspace       used 89254K, committed 91072K, reserved 1179648K
  class space    used 10266K, committed 11200K, reserved 1048576K
}
Event: 3339.151 GC heap after
{Heap after GC invocations=3861 (full 5):
 PSYoungGen      total 3072K, used 320K [0x00000000d5580000, 0x00000000d5a00000, 0x0000000100000000)
  eden space 2560K, 0% used [0x00000000d5580000,0x00000000d5580000,0x00000000d5800000)
  from space 512K, 62% used [0x00000000d5980000,0x00000000d59d0000,0x00000000d5a00000)
  to   space 512K, 0% used [0x00000000d5900000,0x00000000d5900000,0x00000000d5980000)
 ParOldGen       total 452096K, used 451821K [0x0000000080000000, 0x000000009b980000, 0x00000000d5580000)
  object space 452096K, 99% used [0x0000000080000000,0x000000009b93b430,0x000000009b980000)
 Metaspace       used 89254K, committed 91072K, reserved 1179648K
  class space    used 10266K, committed 11200K, reserved 1048576K
}
Event: 3520.312 GC heap before
{Heap before GC invocations=3862 (full 5):
 PSYoungGen      total 3072K, used 2880K [0x00000000d5580000, 0x00000000d5a00000, 0x0000000100000000)
  eden space 2560K, 100% used [0x00000000d5580000,0x00000000d5800000,0x00000000d5800000)
  from space 512K, 62% used [0x00000000d5980000,0x00000000d59d0000,0x00000000d5a00000)
  to   space 512K, 0% used [0x00000000d5900000,0x00000000d5900000,0x00000000d5980000)
 ParOldGen       total 452096K, used 451821K [0x0000000080000000, 0x000000009b980000, 0x00000000d5580000)
  object space 452096K, 99% used [0x0000000080000000,0x000000009b93b430,0x000000009b980000)
 Metaspace       used 89254K, committed 91072K, reserved 1179648K
  class space    used 10266K, committed 11200K, reserved 1048576K
}
Event: 3520.314 GC heap after
{Heap after GC invocations=3862 (full 5):
 PSYoungGen      total 3072K, used 288K [0x00000000d5580000, 0x00000000d5a00000, 0x0000000100000000)
  eden space 2560K, 0% used [0x00000000d5580000,0x00000000d5580000,0x00000000d5800000)
  from space 512K, 56% used [0x00000000d5900000,0x00000000d5948000,0x00000000d5980000)
  to   space 512K, 0% used [0x00000000d5980000,0x00000000d5980000,0x00000000d5a00000)
 ParOldGen       total 452096K, used 451821K [0x0000000080000000, 0x000000009b980000, 0x00000000d5580000)
  object space 452096K, 99% used [0x0000000080000000,0x000000009b93b430,0x000000009b980000)
 Metaspace       used 89254K, committed 91072K, reserved 1179648K
  class space    used 10266K, committed 11200K, reserved 1048576K
}
Event: 3523.378 GC heap before
{Heap before GC invocations=3863 (full 5):
 PSYoungGen      total 3072K, used 2848K [0x00000000d5580000, 0x00000000d5a00000, 0x0000000100000000)
  eden space 2560K, 100% used [0x00000000d5580000,0x00000000d5800000,0x00000000d5800000)
  from space 512K, 56% used [0x00000000d5900000,0x00000000d5948000,0x00000000d5980000)
  to   space 512K, 0% used [0x00000000d5980000,0x00000000d5980000,0x00000000d5a00000)
 ParOldGen       total 452096K, used 451821K [0x0000000080000000, 0x000000009b980000, 0x00000000d5580000)
  object space 452096K, 99% used [0x0000000080000000,0x000000009b93b430,0x000000009b980000)
 Metaspace       used 89259K, committed 91072K, reserved 1179648K
  class space    used 10266K, committed 11200K, reserved 1048576K
}
Event: 3523.379 GC heap after
{Heap after GC invocations=3863 (full 5):
 PSYoungGen      total 3072K, used 352K [0x00000000d5580000, 0x00000000d5a00000, 0x0000000100000000)
  eden space 2560K, 0% used [0x00000000d5580000,0x00000000d5580000,0x00000000d5800000)
  from space 512K, 68% used [0x00000000d5980000,0x00000000d59d8000,0x00000000d5a00000)
  to   space 512K, 0% used [0x00000000d5900000,0x00000000d5900000,0x00000000d5980000)
 ParOldGen       total 452096K, used 451821K [0x0000000080000000, 0x000000009b980000, 0x00000000d5580000)
  object space 452096K, 99% used [0x0000000080000000,0x000000009b93b430,0x000000009b980000)
 Metaspace       used 89259K, committed 91072K, reserved 1179648K
  class space    used 10266K, committed 11200K, reserved 1048576K
}
Event: 3531.493 GC heap before
{Heap before GC invocations=3864 (full 5):
 PSYoungGen      total 3072K, used 2912K [0x00000000d5580000, 0x00000000d5a00000, 0x0000000100000000)
  eden space 2560K, 100% used [0x00000000d5580000,0x00000000d5800000,0x00000000d5800000)
  from space 512K, 68% used [0x00000000d5980000,0x00000000d59d8000,0x00000000d5a00000)
  to   space 512K, 0% used [0x00000000d5900000,0x00000000d5900000,0x00000000d5980000)
 ParOldGen       total 452096K, used 451821K [0x0000000080000000, 0x000000009b980000, 0x00000000d5580000)
  object space 452096K, 99% used [0x0000000080000000,0x000000009b93b430,0x000000009b980000)
 Metaspace       used 89262K, committed 91072K, reserved 1179648K
  class space    used 10266K, committed 11200K, reserved 1048576K
}
Event: 3531.494 GC heap after
{Heap after GC invocations=3864 (full 5):
 PSYoungGen      total 3072K, used 384K [0x00000000d5580000, 0x00000000d5a00000, 0x0000000100000000)
  eden space 2560K, 0% used [0x00000000d5580000,0x00000000d5580000,0x00000000d5800000)
  from space 512K, 75% used [0x00000000d5900000,0x00000000d5960000,0x00000000d5980000)
  to   space 512K, 0% used [0x00000000d5980000,0x00000000d5980000,0x00000000d5a00000)
 ParOldGen       total 452096K, used 451885K [0x0000000080000000, 0x000000009b980000, 0x00000000d5580000)
  object space 452096K, 99% used [0x0000000080000000,0x000000009b94b430,0x000000009b980000)
 Metaspace       used 89262K, committed 91072K, reserved 1179648K
  class space    used 10266K, committed 11200K, reserved 1048576K
}
Event: 3880.325 GC heap before
{Heap before GC invocations=3865 (full 5):
 PSYoungGen      total 3072K, used 2944K [0x00000000d5580000, 0x00000000d5a00000, 0x0000000100000000)
  eden space 2560K, 100% used [0x00000000d5580000,0x00000000d5800000,0x00000000d5800000)
  from space 512K, 75% used [0x00000000d5900000,0x00000000d5960000,0x00000000d5980000)
  to   space 512K, 0% used [0x00000000d5980000,0x00000000d5980000,0x00000000d5a00000)
 ParOldGen       total 452096K, used 451885K [0x0000000080000000, 0x000000009b980000, 0x00000000d5580000)
  object space 452096K, 99% used [0x0000000080000000,0x000000009b94b430,0x000000009b980000)
 Metaspace       used 89287K, committed 91072K, reserved 1179648K
  class space    used 10266K, committed 11200K, reserved 1048576K
}
Event: 3880.327 GC heap after
{Heap after GC invocations=3865 (full 5):
 PSYoungGen      total 3072K, used 288K [0x00000000d5580000, 0x00000000d5a00000, 0x0000000100000000)
  eden space 2560K, 0% used [0x00000000d5580000,0x00000000d5580000,0x00000000d5800000)
  from space 512K, 56% used [0x00000000d5980000,0x00000000d59c8000,0x00000000d5a00000)
  to   space 512K, 0% used [0x00000000d5900000,0x00000000d5900000,0x00000000d5980000)
 ParOldGen       total 452096K, used 451885K [0x0000000080000000, 0x000000009b980000, 0x00000000d5580000)
  object space 452096K, 99% used [0x0000000080000000,0x000000009b94b430,0x000000009b980000)
 Metaspace       used 89287K, committed 91072K, reserved 1179648K
  class space    used 10266K, committed 11200K, reserved 1048576K
}
Event: 4353.077 GC heap before
{Heap before GC invocations=3866 (full 5):
 PSYoungGen      total 3072K, used 2847K [0x00000000d5580000, 0x00000000d5a00000, 0x0000000100000000)
  eden space 2560K, 99% used [0x00000000d5580000,0x00000000d57ffd90,0x00000000d5800000)
  from space 512K, 56% used [0x00000000d5980000,0x00000000d59c8000,0x00000000d5a00000)
  to   space 512K, 0% used [0x00000000d5900000,0x00000000d5900000,0x00000000d5980000)
 ParOldGen       total 452096K, used 451885K [0x0000000080000000, 0x000000009b980000, 0x00000000d5580000)
  object space 452096K, 99% used [0x0000000080000000,0x000000009b94b430,0x000000009b980000)
 Metaspace       used 89288K, committed 91072K, reserved 1179648K
  class space    used 10266K, committed 11200K, reserved 1048576K
}
Event: 4353.082 GC heap after
{Heap after GC invocations=3866 (full 5):
 PSYoungGen      total 3072K, used 256K [0x00000000d5580000, 0x00000000d5a00000, 0x0000000100000000)
  eden space 2560K, 0% used [0x00000000d5580000,0x00000000d5580000,0x00000000d5800000)
  from space 512K, 50% used [0x00000000d5900000,0x00000000d5940000,0x00000000d5980000)
  to   space 512K, 0% used [0x00000000d5980000,0x00000000d5980000,0x00000000d5a00000)
 ParOldGen       total 452096K, used 451885K [0x0000000080000000, 0x000000009b980000, 0x00000000d5580000)
  object space 452096K, 99% used [0x0000000080000000,0x000000009b94b430,0x000000009b980000)
 Metaspace       used 89288K, committed 91072K, reserved 1179648K
  class space    used 10266K, committed 11200K, reserved 1048576K
}
Event: 4362.146 GC heap before
{Heap before GC invocations=3867 (full 5):
 PSYoungGen      total 3072K, used 2816K [0x00000000d5580000, 0x00000000d5a00000, 0x0000000100000000)
  eden space 2560K, 100% used [0x00000000d5580000,0x00000000d5800000,0x00000000d5800000)
  from space 512K, 50% used [0x00000000d5900000,0x00000000d5940000,0x00000000d5980000)
  to   space 512K, 0% used [0x00000000d5980000,0x00000000d5980000,0x00000000d5a00000)
 ParOldGen       total 452096K, used 451885K [0x0000000080000000, 0x000000009b980000, 0x00000000d5580000)
  object space 452096K, 99% used [0x0000000080000000,0x000000009b94b430,0x000000009b980000)
 Metaspace       used 89290K, committed 91072K, reserved 1179648K
  class space    used 10266K, committed 11200K, reserved 1048576K
}
Event: 4362.147 GC heap after
{Heap after GC invocations=3867 (full 5):
 PSYoungGen      total 3072K, used 384K [0x00000000d5580000, 0x00000000d5a00000, 0x0000000100000000)
  eden space 2560K, 0% used [0x00000000d5580000,0x00000000d5580000,0x00000000d5800000)
  from space 512K, 75% used [0x00000000d5980000,0x00000000d59e0000,0x00000000d5a00000)
  to   space 512K, 0% used [0x00000000d5900000,0x00000000d5900000,0x00000000d5980000)
 ParOldGen       total 452096K, used 451885K [0x0000000080000000, 0x000000009b980000, 0x00000000d5580000)
  object space 452096K, 99% used [0x0000000080000000,0x000000009b94b430,0x000000009b980000)
 Metaspace       used 89290K, committed 91072K, reserved 1179648K
  class space    used 10266K, committed 11200K, reserved 1048576K
}
Event: 4364.128 GC heap before
{Heap before GC invocations=3868 (full 5):
 PSYoungGen      total 3072K, used 2944K [0x00000000d5580000, 0x00000000d5a00000, 0x0000000100000000)
  eden space 2560K, 100% used [0x00000000d5580000,0x00000000d5800000,0x00000000d5800000)
  from space 512K, 75% used [0x00000000d5980000,0x00000000d59e0000,0x00000000d5a00000)
  to   space 512K, 0% used [0x00000000d5900000,0x00000000d5900000,0x00000000d5980000)
 ParOldGen       total 452096K, used 451885K [0x0000000080000000, 0x000000009b980000, 0x00000000d5580000)
  object space 452096K, 99% used [0x0000000080000000,0x000000009b94b430,0x000000009b980000)
 Metaspace       used 89290K, committed 91072K, reserved 1179648K
  class space    used 10266K, committed 11200K, reserved 1048576K
}
Event: 4364.130 GC heap after
{Heap after GC invocations=3868 (full 5):
 PSYoungGen      total 3072K, used 416K [0x00000000d5580000, 0x00000000d5a00000, 0x0000000100000000)
  eden space 2560K, 0% used [0x00000000d5580000,0x00000000d5580000,0x00000000d5800000)
  from space 512K, 81% used [0x00000000d5900000,0x00000000d5968000,0x00000000d5980000)
  to   space 512K, 0% used [0x00000000d5980000,0x00000000d5980000,0x00000000d5a00000)
 ParOldGen       total 452096K, used 451885K [0x0000000080000000, 0x000000009b980000, 0x00000000d5580000)
  object space 452096K, 99% used [0x0000000080000000,0x000000009b94b430,0x000000009b980000)
 Metaspace       used 89290K, committed 91072K, reserved 1179648K
  class space    used 10266K, committed 11200K, reserved 1048576K
}
Event: 5341.226 GC heap before
{Heap before GC invocations=3869 (full 5):
 PSYoungGen      total 3072K, used 2976K [0x00000000d5580000, 0x00000000d5a00000, 0x0000000100000000)
  eden space 2560K, 100% used [0x00000000d5580000,0x00000000d5800000,0x00000000d5800000)
  from space 512K, 81% used [0x00000000d5900000,0x00000000d5968000,0x00000000d5980000)
  to   space 512K, 0% used [0x00000000d5980000,0x00000000d5980000,0x00000000d5a00000)
 ParOldGen       total 452096K, used 451885K [0x0000000080000000, 0x000000009b980000, 0x00000000d5580000)
  object space 452096K, 99% used [0x0000000080000000,0x000000009b94b430,0x000000009b980000)
 Metaspace       used 89325K, committed 91136K, reserved 1179648K
  class space    used 10266K, committed 11200K, reserved 1048576K
}
Event: 5341.229 GC heap after
{Heap after GC invocations=3869 (full 5):
 PSYoungGen      total 3072K, used 224K [0x00000000d5580000, 0x00000000d5a00000, 0x0000000100000000)
  eden space 2560K, 0% used [0x00000000d5580000,0x00000000d5580000,0x00000000d5800000)
  from space 512K, 43% used [0x00000000d5980000,0x00000000d59b8000,0x00000000d5a00000)
  to   space 512K, 0% used [0x00000000d5900000,0x00000000d5900000,0x00000000d5980000)
 ParOldGen       total 452096K, used 451885K [0x0000000080000000, 0x000000009b980000, 0x00000000d5580000)
  object space 452096K, 99% used [0x0000000080000000,0x000000009b94b430,0x000000009b980000)
 Metaspace       used 89325K, committed 91136K, reserved 1179648K
  class space    used 10266K, committed 11200K, reserved 1048576K
}

Dll operation events (15 events):
Event: 0.012 Loaded shared library c:\Users\ddgol\.vscode\extensions\redhat.java-1.50.0-win32-x64\jre\21.0.9-win32-x86_64\bin\java.dll
Event: 0.041 Loaded shared library c:\Users\ddgol\.vscode\extensions\redhat.java-1.50.0-win32-x64\jre\21.0.9-win32-x86_64\bin\zip.dll
Event: 0.094 Loaded shared library C:\Users\ddgol\.vscode\extensions\redhat.java-1.50.0-win32-x64\jre\21.0.9-win32-x86_64\bin\instrument.dll
Event: 0.100 Loaded shared library C:\Users\ddgol\.vscode\extensions\redhat.java-1.50.0-win32-x64\jre\21.0.9-win32-x86_64\bin\net.dll
Event: 0.103 Loaded shared library C:\Users\ddgol\.vscode\extensions\redhat.java-1.50.0-win32-x64\jre\21.0.9-win32-x86_64\bin\nio.dll
Event: 0.107 Loaded shared library C:\Users\ddgol\.vscode\extensions\redhat.java-1.50.0-win32-x64\jre\21.0.9-win32-x86_64\bin\zip.dll
Event: 0.129 Loaded shared library C:\Users\ddgol\.vscode\extensions\redhat.java-1.50.0-win32-x64\jre\21.0.9-win32-x86_64\bin\jimage.dll
Event: 0.214 Loaded shared library c:\Users\ddgol\.vscode\extensions\redhat.java-1.50.0-win32-x64\jre\21.0.9-win32-x86_64\bin\verify.dll
Event: 1.582 Loaded shared library C:\Users\ddgol\AppData\Roaming\Code\User\globalStorage\redhat.java\1.50.0\config_win\org.eclipse.equinox.launcher\org.eclipse.equinox.launcher.win32.win32.x86_64_1.2.1400.v20250801-0854\eclipse_11916.dll
Event: 3.296 Loaded shared library C:\Users\ddgol\.vscode\extensions\redhat.java-1.50.0-win32-x64\jre\21.0.9-win32-x86_64\bin\management.dll
Event: 3.299 Loaded shared library C:\Users\ddgol\.vscode\extensions\redhat.java-1.50.0-win32-x64\jre\21.0.9-win32-x86_64\bin\management_ext.dll
Event: 4.383 Loaded shared library C:\Users\ddgol\AppData\Local\Temp\jna-95433732\jna3668719210615579846.dll
Event: 4.479 Loaded shared library C:\Users\ddgol\.vscode\extensions\redhat.java-1.50.0-win32-x64\jre\21.0.9-win32-x86_64\bin\sunmscapi.dll
Event: 4.785 Loaded shared library C:\Users\ddgol\.vscode\extensions\redhat.java-1.50.0-win32-x64\jre\21.0.9-win32-x86_64\bin\extnet.dll
Event: 7.939 Loaded shared library C:\Users\ddgol\.gradle\native\1def1411415f61bf3af743bc5b6707747c0891f09f0c88961ee8f79bc544acac\windows-amd64\native-platform.dll

Deoptimization events (20 events):
Event: 2813.162 Thread 0x000001b3765d9530 DEOPT PACKING pc=0x000001b321d6fc08 sp=0x00000030650feed0
Event: 2813.162 Thread 0x000001b3765d9530 DEOPT UNPACKING pc=0x000001b320e93aa2 sp=0x00000030650fee58 mode 2
Event: 3003.546 Thread 0x000001b30e5c3c40 Uncommon trap: trap_request=0xffffffde fr.pc=0x000001b3225e1328 relative=0x0000000000001548
Event: 3003.546 Thread 0x000001b30e5c3c40 Uncommon trap: reason=class_check action=maybe_recompile pc=0x000001b3225e1328 method=org.eclipse.core.internal.dtree.AbstractDataTreeNode.storeStrings(Lorg/eclipse/core/internal/utils/StringPool;)V @ 31 c2
Event: 3003.546 Thread 0x000001b30e5c3c40 DEOPT PACKING pc=0x000001b3225e1328 sp=0x00000030676ff2b0
Event: 3003.546 Thread 0x000001b30e5c3c40 DEOPT UNPACKING pc=0x000001b320e93aa2 sp=0x00000030676ff2a8 mode 2
Event: 3003.546 Thread 0x000001b30e5c3c40 Uncommon trap: trap_request=0xffffffde fr.pc=0x000001b3225e1328 relative=0x0000000000001548
Event: 3003.546 Thread 0x000001b30e5c3c40 Uncommon trap: reason=class_check action=maybe_recompile pc=0x000001b3225e1328 method=org.eclipse.core.internal.dtree.AbstractDataTreeNode.storeStrings(Lorg/eclipse/core/internal/utils/StringPool;)V @ 31 c2
Event: 3003.546 Thread 0x000001b30e5c3c40 DEOPT PACKING pc=0x000001b3225e1328 sp=0x00000030676ff220
Event: 3003.546 Thread 0x000001b30e5c3c40 DEOPT UNPACKING pc=0x000001b320e93aa2 sp=0x00000030676ff228 mode 2
Event: 3003.546 Thread 0x000001b30e5c3c40 Uncommon trap: trap_request=0xffffffde fr.pc=0x000001b3225e1328 relative=0x0000000000001548
Event: 3003.546 Thread 0x000001b30e5c3c40 Uncommon trap: reason=class_check action=maybe_recompile pc=0x000001b3225e1328 method=org.eclipse.core.internal.dtree.AbstractDataTreeNode.storeStrings(Lorg/eclipse/core/internal/utils/StringPool;)V @ 31 c2
Event: 3003.546 Thread 0x000001b30e5c3c40 DEOPT PACKING pc=0x000001b3225e1328 sp=0x00000030676ff1a0
Event: 3003.546 Thread 0x000001b30e5c3c40 DEOPT UNPACKING pc=0x000001b320e93aa2 sp=0x00000030676ff1a8 mode 2
Event: 3003.546 Thread 0x000001b30e5c3c40 Uncommon trap: trap_request=0xffffffde fr.pc=0x000001b3225e1328 relative=0x0000000000001548
Event: 3003.546 Thread 0x000001b30e5c3c40 Uncommon trap: reason=class_check action=maybe_recompile pc=0x000001b3225e1328 method=org.eclipse.core.internal.dtree.AbstractDataTreeNode.storeStrings(Lorg/eclipse/core/internal/utils/StringPool;)V @ 31 c2
Event: 3003.546 Thread 0x000001b30e5c3c40 DEOPT PACKING pc=0x000001b3225e1328 sp=0x00000030676ff120
Event: 3003.546 Thread 0x000001b30e5c3c40 DEOPT UNPACKING pc=0x000001b320e93aa2 sp=0x00000030676ff128 mode 2
Event: 3442.792 Thread 0x000001b37bd6a6a0 DEOPT PACKING pc=0x000001b31be2f92b sp=0x00000030668ff1b0
Event: 3442.792 Thread 0x000001b37bd6a6a0 DEOPT UNPACKING pc=0x000001b320e94242 sp=0x00000030668fe698 mode 0

Classes loaded (20 events):
Event: 99.981 Loading class java/util/stream/ReferencePipeline$4$1
Event: 99.981 Loading class java/util/stream/ReferencePipeline$4$1 done
Event: 100.238 Loading class sun/nio/cs/ThreadLocalCoders
Event: 100.239 Loading class sun/nio/cs/ThreadLocalCoders done
Event: 100.239 Loading class sun/nio/cs/ThreadLocalCoders$1
Event: 100.239 Loading class sun/nio/cs/ThreadLocalCoders$Cache
Event: 100.239 Loading class sun/nio/cs/ThreadLocalCoders$Cache done
Event: 100.239 Loading class sun/nio/cs/ThreadLocalCoders$1 done
Event: 100.239 Loading class sun/nio/cs/ThreadLocalCoders$2
Event: 100.239 Loading class sun/nio/cs/ThreadLocalCoders$2 done
Event: 100.546 Loading class java/util/stream/ReduceOps$4
Event: 100.548 Loading class java/util/stream/ReduceOps$4 done
Event: 100.548 Loading class java/util/stream/ReduceOps$4ReducingSink
Event: 100.548 Loading class java/util/stream/ReduceOps$4ReducingSink done
Event: 100.549 Loading class java/nio/file/Files$2
Event: 100.549 Loading class java/nio/file/Files$2 done
Event: 100.708 Loading class java/util/Hashtable$ValueCollection
Event: 100.708 Loading class java/util/Hashtable$ValueCollection done
Event: 100.711 Loading class java/util/concurrent/ConcurrentHashMap$KeySpliterator
Event: 100.712 Loading class java/util/concurrent/ConcurrentHashMap$KeySpliterator done

Classes unloaded (20 events):
Event: 2459.780 Thread 0x000001b36f7d32d0 Unloading class 0x000001b32f016400 'java/lang/invoke/LambdaForm$MH+0x000001b32f016400'
Event: 2459.780 Thread 0x000001b36f7d32d0 Unloading class 0x000001b32f00d800 'java/lang/invoke/LambdaForm$MH+0x000001b32f00d800'
Event: 2459.780 Thread 0x000001b36f7d32d0 Unloading class 0x000001b32f00d400 'java/lang/invoke/LambdaForm$MH+0x000001b32f00d400'
Event: 2459.780 Thread 0x000001b36f7d32d0 Unloading class 0x000001b32f00d000 'java/lang/invoke/LambdaForm$MH+0x000001b32f00d000'
Event: 2459.780 Thread 0x000001b36f7d32d0 Unloading class 0x000001b32f00cc00 'java/lang/invoke/LambdaForm$MH+0x000001b32f00cc00'
Event: 2459.780 Thread 0x000001b36f7d32d0 Unloading class 0x000001b32f00c800 'java/lang/invoke/LambdaForm$BMH+0x000001b32f00c800'
Event: 2459.780 Thread 0x000001b36f7d32d0 Unloading class 0x000001b32f00c000 'java/lang/invoke/LambdaForm$DMH+0x000001b32f00c000'
Event: 2459.780 Thread 0x000001b36f7d32d0 Unloading class 0x000001b32f008c00 'java/lang/invoke/LambdaForm$MH+0x000001b32f008c00'
Event: 2459.780 Thread 0x000001b36f7d32d0 Unloading class 0x000001b32f008800 'java/lang/invoke/LambdaForm$MH+0x000001b32f008800'
Event: 2459.780 Thread 0x000001b36f7d32d0 Unloading class 0x000001b32f008400 'java/lang/invoke/LambdaForm$MH+0x000001b32f008400'
Event: 2459.780 Thread 0x000001b36f7d32d0 Unloading class 0x000001b32f007000 'java/lang/invoke/LambdaForm$MH+0x000001b32f007000'
Event: 2459.780 Thread 0x000001b36f7d32d0 Unloading class 0x000001b32f006800 'java/lang/invoke/LambdaForm$MH+0x000001b32f006800'
Event: 2459.780 Thread 0x000001b36f7d32d0 Unloading class 0x000001b32f006400 'java/lang/invoke/LambdaForm$MH+0x000001b32f006400'
Event: 2459.780 Thread 0x000001b36f7d32d0 Unloading class 0x000001b32f006000 'java/lang/invoke/LambdaForm$MH+0x000001b32f006000'
Event: 2459.780 Thread 0x000001b36f7d32d0 Unloading class 0x000001b32f005c00 'java/lang/invoke/LambdaForm$BMH+0x000001b32f005c00'
Event: 2459.780 Thread 0x000001b36f7d32d0 Unloading class 0x000001b32f004800 'java/lang/invoke/LambdaForm$DMH+0x000001b32f004800'
Event: 2459.780 Thread 0x000001b36f7d32d0 Unloading class 0x000001b32f002400 'java/lang/invoke/LambdaForm$MH+0x000001b32f002400'
Event: 2459.780 Thread 0x000001b36f7d32d0 Unloading class 0x000001b32f002000 'java/lang/invoke/LambdaForm$MH+0x000001b32f002000'
Event: 2459.780 Thread 0x000001b36f7d32d0 Unloading class 0x000001b32f001800 'java/lang/invoke/LambdaForm$MH+0x000001b32f001800'
Event: 2459.780 Thread 0x000001b36f7d32d0 Unloading class 0x000001b32f000400 'java/lang/invoke/LambdaForm$MH+0x000001b32f000400'

Classes redefined (0 events):
No events

Internal exceptions (20 events):
Event: 3820.375 Thread 0x000001b37699af20 Exception <a 'sun/nio/fs/WindowsException'{0x00000000d574ca10}> (0x00000000d574ca10) 
thrown [s\src\hotspot\share\prims\jni.cpp, line 520]
Event: 3820.376 Thread 0x000001b37699af20 Exception <a 'sun/nio/fs/WindowsException'{0x00000000d574d3d0}> (0x00000000d574d3d0) 
thrown [s\src\hotspot\share\prims\jni.cpp, line 520]
Event: 3820.376 Thread 0x000001b37699af20 Exception <a 'sun/nio/fs/WindowsException'{0x00000000d574f078}> (0x00000000d574f078) 
thrown [s\src\hotspot\share\prims\jni.cpp, line 520]
Event: 3820.376 Thread 0x000001b37699af20 Exception <a 'sun/nio/fs/WindowsException'{0x00000000d574fa38}> (0x00000000d574fa38) 
thrown [s\src\hotspot\share\prims\jni.cpp, line 520]
Event: 3820.376 Thread 0x000001b37699af20 Exception <a 'sun/nio/fs/WindowsException'{0x00000000d5752d58}> (0x00000000d5752d58) 
thrown [s\src\hotspot\share\prims\jni.cpp, line 520]
Event: 3820.377 Thread 0x000001b37699af20 Exception <a 'sun/nio/fs/WindowsException'{0x00000000d57539b8}> (0x00000000d57539b8) 
thrown [s\src\hotspot\share\prims\jni.cpp, line 520]
Event: 3820.377 Thread 0x000001b37699af20 Exception <a 'sun/nio/fs/WindowsException'{0x00000000d5755480}> (0x00000000d5755480) 
thrown [s\src\hotspot\share\prims\jni.cpp, line 520]
Event: 3820.377 Thread 0x000001b37699af20 Exception <a 'sun/nio/fs/WindowsException'{0x00000000d5755e40}> (0x00000000d5755e40) 
thrown [s\src\hotspot\share\prims\jni.cpp, line 520]
Event: 4652.976 Thread 0x000001b37699af20 Exception <a 'sun/nio/fs/WindowsException'{0x00000000d564f0f8}> (0x00000000d564f0f8) 
thrown [s\src\hotspot\share\prims\jni.cpp, line 520]
Event: 4652.976 Thread 0x000001b37699af20 Exception <a 'sun/nio/fs/WindowsException'{0x00000000d564fd08}> (0x00000000d564fd08) 
thrown [s\src\hotspot\share\prims\jni.cpp, line 520]
Event: 4652.977 Thread 0x000001b37699af20 Exception <a 'sun/nio/fs/WindowsException'{0x00000000d5651ed8}> (0x00000000d5651ed8) 
thrown [s\src\hotspot\share\prims\jni.cpp, line 520]
Event: 4652.977 Thread 0x000001b37699af20 Exception <a 'sun/nio/fs/WindowsException'{0x00000000d5652ae8}> (0x00000000d5652ae8) 
thrown [s\src\hotspot\share\prims\jni.cpp, line 520]
Event: 4652.979 Thread 0x000001b37699af20 Exception <a 'sun/nio/fs/WindowsException'{0x00000000d5682b58}> (0x00000000d5682b58) 
thrown [s\src\hotspot\share\prims\jni.cpp, line 520]
Event: 4652.979 Thread 0x000001b37699af20 Exception <a 'sun/nio/fs/WindowsException'{0x00000000d5683760}> (0x00000000d5683760) 
thrown [s\src\hotspot\share\prims\jni.cpp, line 520]
Event: 4652.980 Thread 0x000001b37699af20 Exception <a 'sun/nio/fs/WindowsException'{0x00000000d56853d0}> (0x00000000d56853d0) 
thrown [s\src\hotspot\share\prims\jni.cpp, line 520]
Event: 4652.980 Thread 0x000001b37699af20 Exception <a 'sun/nio/fs/WindowsException'{0x00000000d5685fe8}> (0x00000000d5685fe8) 
thrown [s\src\hotspot\share\prims\jni.cpp, line 520]
Event: 4652.980 Thread 0x000001b37699af20 Exception <a 'sun/nio/fs/WindowsException'{0x00000000d5689ab0}> (0x00000000d5689ab0) 
thrown [s\src\hotspot\share\prims\jni.cpp, line 520]
Event: 4652.980 Thread 0x000001b37699af20 Exception <a 'sun/nio/fs/WindowsException'{0x00000000d568a6b8}> (0x00000000d568a6b8) 
thrown [s\src\hotspot\share\prims\jni.cpp, line 520]
Event: 4652.981 Thread 0x000001b37699af20 Exception <a 'sun/nio/fs/WindowsException'{0x00000000d568c3e8}> (0x00000000d568c3e8) 
thrown [s\src\hotspot\share\prims\jni.cpp, line 520]
Event: 4652.981 Thread 0x000001b37699af20 Exception <a 'sun/nio/fs/WindowsException'{0x00000000d568cff0}> (0x00000000d568cff0) 
thrown [s\src\hotspot\share\prims\jni.cpp, line 520]

ZGC Phase Switch (0 events):
No events

VM Operations (20 events):
Event: 5231.008 Executing VM operation: RendezvousGCThreads
Event: 5231.008 Executing VM operation: RendezvousGCThreads done
Event: 5291.132 Executing VM operation: HandshakeAllThreads (HandshakeForDeflation)
Event: 5291.132 Executing VM operation: HandshakeAllThreads (HandshakeForDeflation) done
Event: 5291.132 Executing VM operation: RendezvousGCThreads
Event: 5291.132 Executing VM operation: RendezvousGCThreads done
Event: 5341.226 Executing VM operation: ParallelGCFailedAllocation (Allocation Failure)
Event: 5341.229 Executing VM operation: ParallelGCFailedAllocation (Allocation Failure) done
Event: 5351.259 Executing VM operation: HandshakeAllThreads (HandshakeForDeflation)
Event: 5351.259 Executing VM operation: HandshakeAllThreads (HandshakeForDeflation) done
Event: 5351.259 Executing VM operation: RendezvousGCThreads
Event: 5351.259 Executing VM operation: RendezvousGCThreads done
Event: 5411.383 Executing VM operation: HandshakeAllThreads (HandshakeForDeflation)
Event: 5411.383 Executing VM operation: HandshakeAllThreads (HandshakeForDeflation) done
Event: 5411.383 Executing VM operation: RendezvousGCThreads
Event: 5411.383 Executing VM operation: RendezvousGCThreads done
Event: 5711.862 Executing VM operation: HandshakeAllThreads (HandshakeForDeflation)
Event: 5711.862 Executing VM operation: HandshakeAllThreads (HandshakeForDeflation) done
Event: 5711.862 Executing VM operation: RendezvousGCThreads
Event: 5711.862 Executing VM operation: RendezvousGCThreads done

Memory protections (0 events):
No events

Nmethod flushes (20 events):
Event: 2460.015 Thread 0x000001b36f7d32d0 flushing  nmethod 0x000001b31b37ce10
Event: 2460.015 Thread 0x000001b36f7d32d0 flushing osr nmethod 0x000001b31b37dd10
Event: 2460.015 Thread 0x000001b36f7d32d0 flushing  nmethod 0x000001b31b39bc90
Event: 2460.015 Thread 0x000001b36f7d32d0 flushing  nmethod 0x000001b31b39ca90
Event: 2460.015 Thread 0x000001b36f7d32d0 flushing  nmethod 0x000001b31b3bf190
Event: 2460.015 Thread 0x000001b36f7d32d0 flushing  nmethod 0x000001b31b3d7310
Event: 2460.015 Thread 0x000001b36f7d32d0 flushing  nmethod 0x000001b31b3e5c90
Event: 2460.015 Thread 0x000001b36f7d32d0 flushing  nmethod 0x000001b31b3f4e90
Event: 2460.015 Thread 0x000001b36f7d32d0 flushing  nmethod 0x000001b31b3f5290
Event: 2460.015 Thread 0x000001b36f7d32d0 flushing  nmethod 0x000001b31b3f8690
Event: 2460.015 Thread 0x000001b36f7d32d0 flushing  nmethod 0x000001b31b40a190
Event: 2460.015 Thread 0x000001b36f7d32d0 flushing  nmethod 0x000001b31b418b10
Event: 2460.015 Thread 0x000001b36f7d32d0 flushing  nmethod 0x000001b31b41d010
Event: 2460.015 Thread 0x000001b36f7d32d0 flushing  nmethod 0x000001b31b41e590
Event: 2460.015 Thread 0x000001b36f7d32d0 flushing  nmethod 0x000001b31b421810
Event: 2460.015 Thread 0x000001b36f7d32d0 flushing  nmethod 0x000001b31b426490
Event: 2460.015 Thread 0x000001b36f7d32d0 flushing  nmethod 0x000001b31b434e10
Event: 2460.015 Thread 0x000001b36f7d32d0 flushing  nmethod 0x000001b31b443290
Event: 2460.015 Thread 0x000001b36f7d32d0 flushing  nmethod 0x000001b31b451c10
Event: 2460.015 Thread 0x000001b36f7d32d0 flushing  nmethod 0x000001b31b452b10

Events (20 events):
Event: 3820.378 Thread 0x000001b30e5c2200 Thread added: 0x000001b30e5c35b0
Event: 3820.378 Thread 0x000001b30e5c2200 Thread added: 0x000001b30e5c70c0
Event: 3820.378 Thread 0x000001b30e5c70c0 Thread exited: 0x000001b30e5c70c0
Event: 3820.378 Thread 0x000001b30e5c2200 Thread exited: 0x000001b30e5c2200
Event: 3820.379 Thread 0x000001b30e5c5680 Thread exited: 0x000001b30e5c5680
Event: 3820.379 Thread 0x000001b30e5c35b0 Thread exited: 0x000001b30e5c35b0
Event: 4652.972 Thread 0x000001b37699af20 Thread added: 0x000001b30e5c2200
Event: 4652.974 Thread 0x000001b30e5c2200 Thread exited: 0x000001b30e5c2200
Event: 4652.982 Thread 0x000001b37699af20 Thread added: 0x000001b30e5c35b0
Event: 4652.983 Thread 0x000001b30e5c35b0 Thread added: 0x000001b30e5c42d0
Event: 4652.983 Thread 0x000001b30e5c35b0 Thread added: 0x000001b30e5c4960
Event: 4652.984 Thread 0x000001b30e5c35b0 Thread added: 0x000001b30e5c5680
Event: 4652.985 Thread 0x000001b30e5c42d0 Thread added: 0x000001b30e5c2200
Event: 4652.985 Thread 0x000001b30e5c35b0 Thread added: 0x000001b30e5c7750
Event: 4652.985 Thread 0x000001b30e5c7750 Thread exited: 0x000001b30e5c7750
Event: 4652.985 Thread 0x000001b30e5c2200 Thread exited: 0x000001b30e5c2200
Event: 4652.985 Thread 0x000001b30e5c35b0 Thread exited: 0x000001b30e5c35b0
Event: 4652.985 Thread 0x000001b30e5c5680 Thread exited: 0x000001b30e5c5680
Event: 4652.985 Thread 0x000001b30e5c42d0 Thread exited: 0x000001b30e5c42d0
Event: 4652.985 Thread 0x000001b30e5c4960 Thread exited: 0x000001b30e5c4960


Dynamic libraries:
0x00007ff711d90000 - 0x00007ff711d9e000 	c:\Users\ddgol\.vscode\extensions\redhat.java-1.50.0-win32-x64\jre\21.0.9-win32-x86_64\bin\java.exe
0x00007ffde5040000 - 0x00007ffde52a8000 	C:\WINDOWS\SYSTEM32\ntdll.dll
0x00007ffde36e0000 - 0x00007ffde37a9000 	C:\WINDOWS\System32\KERNEL32.DLL
0x00007ffde2270000 - 0x00007ffde2668000 	C:\WINDOWS\System32\KERNELBASE.dll
0x00007ffde2670000 - 0x00007ffde27bb000 	C:\WINDOWS\System32\ucrtbase.dll
0x00007ffdc73f0000 - 0x00007ffdc7408000 	c:\Users\ddgol\.vscode\extensions\redhat.java-1.50.0-win32-x64\jre\21.0.9-win32-x86_64\bin\jli.dll
0x00007ffdc7970000 - 0x00007ffdc798e000 	c:\Users\ddgol\.vscode\extensions\redhat.java-1.50.0-win32-x64\jre\21.0.9-win32-x86_64\bin\VCRUNTIME140.dll
0x00007ffde3a60000 - 0x00007ffde3c27000 	C:\WINDOWS\System32\USER32.dll
0x00007ffdc6c10000 - 0x00007ffdc6ea4000 	C:\WINDOWS\WinSxS\amd64_microsoft.windows.common-controls_6595b64144ccf1df_6.0.26100.7019_none_3e06ffa0e335b8a8\COMCTL32.dll
0x00007ffde2190000 - 0x00007ffde21b7000 	C:\WINDOWS\System32\win32u.dll
0x00007ffde3890000 - 0x00007ffde3939000 	C:\WINDOWS\System32\msvcrt.dll
0x00007ffde3a30000 - 0x00007ffde3a5b000 	C:\WINDOWS\System32\GDI32.dll
0x00007ffde2b60000 - 0x00007ffde2c8c000 	C:\WINDOWS\System32\gdi32full.dll
0x00007ffde21c0000 - 0x00007ffde2263000 	C:\WINDOWS\System32\msvcp_win.dll
0x00007ffde3480000 - 0x00007ffde34b1000 	C:\WINDOWS\System32\IMM32.DLL
0x00007ffdcd120000 - 0x00007ffdcd12c000 	c:\Users\ddgol\.vscode\extensions\redhat.java-1.50.0-win32-x64\jre\21.0.9-win32-x86_64\bin\vcruntime140_1.dll
0x00007ffd93d10000 - 0x00007ffd93d9d000 	c:\Users\ddgol\.vscode\extensions\redhat.java-1.50.0-win32-x64\jre\21.0.9-win32-x86_64\bin\msvcp140.dll
0x00007ffcfc290000 - 0x00007ffcfd030000 	c:\Users\ddgol\.vscode\extensions\redhat.java-1.50.0-win32-x64\jre\21.0.9-win32-x86_64\bin\server\jvm.dll
0x00007ffde33c0000 - 0x00007ffde3474000 	C:\WINDOWS\System32\ADVAPI32.dll
0x00007ffde4650000 - 0x00007ffde46f6000 	C:\WINDOWS\System32\sechost.dll
0x00007ffde30e0000 - 0x00007ffde31f8000 	C:\WINDOWS\System32\RPCRT4.dll
0x00007ffde3060000 - 0x00007ffde30d4000 	C:\WINDOWS\System32\WS2_32.dll
0x00007ffde1690000 - 0x00007ffde16ee000 	C:\WINDOWS\SYSTEM32\POWRPROF.dll
0x00007ffdd6890000 - 0x00007ffdd689b000 	C:\WINDOWS\SYSTEM32\VERSION.dll
0x00007ffdd3850000 - 0x00007ffdd3885000 	C:\WINDOWS\SYSTEM32\WINMM.dll
0x00007ffde1670000 - 0x00007ffde1684000 	C:\WINDOWS\SYSTEM32\UMPDC.dll
0x00007ffde0f30000 - 0x00007ffde0f4b000 	C:\WINDOWS\SYSTEM32\kernel.appcore.dll
0x00007ffdcb4f0000 - 0x00007ffdcb4fa000 	c:\Users\ddgol\.vscode\extensions\redhat.java-1.50.0-win32-x64\jre\21.0.9-win32-x86_64\bin\jimage.dll
0x00007ffddf840000 - 0x00007ffddfa82000 	C:\WINDOWS\SYSTEM32\DBGHELP.DLL
0x00007ffde41c0000 - 0x00007ffde454b000 	C:\WINDOWS\System32\combase.dll
0x00007ffde37b0000 - 0x00007ffde3887000 	C:\WINDOWS\System32\OLEAUT32.dll
0x00007ffdb1ac0000 - 0x00007ffdb1afc000 	C:\WINDOWS\SYSTEM32\dbgcore.DLL
0x00007ffde2940000 - 0x00007ffde29e5000 	C:\WINDOWS\System32\bcryptPrimitives.dll
0x00007ffd9f1c0000 - 0x00007ffd9f1cf000 	c:\Users\ddgol\.vscode\extensions\redhat.java-1.50.0-win32-x64\jre\21.0.9-win32-x86_64\bin\instrument.dll
0x00007ffdbe5d0000 - 0x00007ffdbe5f0000 	c:\Users\ddgol\.vscode\extensions\redhat.java-1.50.0-win32-x64\jre\21.0.9-win32-x86_64\bin\java.dll
0x00007ffde48a0000 - 0x00007ffde4fef000 	C:\WINDOWS\System32\SHELL32.dll
0x00007ffde29f0000 - 0x00007ffde2b5b000 	C:\WINDOWS\System32\wintypes.dll
0x00007ffddfd70000 - 0x00007ffde05cd000 	C:\WINDOWS\SYSTEM32\windows.storage.dll
0x00007ffde4550000 - 0x00007ffde4642000 	C:\WINDOWS\System32\SHCORE.dll
0x00007ffde39c0000 - 0x00007ffde3a27000 	C:\WINDOWS\System32\shlwapi.dll
0x00007ffde20b0000 - 0x00007ffde20d9000 	C:\WINDOWS\SYSTEM32\profapi.dll
0x00007ffd93ca0000 - 0x00007ffd93cb8000 	c:\Users\ddgol\.vscode\extensions\redhat.java-1.50.0-win32-x64\jre\21.0.9-win32-x86_64\bin\zip.dll
0x00007ffdc99b0000 - 0x00007ffdc99c0000 	C:\Users\ddgol\.vscode\extensions\redhat.java-1.50.0-win32-x64\jre\21.0.9-win32-x86_64\bin\net.dll
0x00007ffdd7f50000 - 0x00007ffdd8078000 	C:\WINDOWS\SYSTEM32\WINHTTP.dll
0x00007ffde1530000 - 0x00007ffde159b000 	C:\WINDOWS\system32\mswsock.dll
0x00007ffd92130000 - 0x00007ffd92146000 	C:\Users\ddgol\.vscode\extensions\redhat.java-1.50.0-win32-x64\jre\21.0.9-win32-x86_64\bin\nio.dll
0x00007ffd9ac30000 - 0x00007ffd9ac40000 	c:\Users\ddgol\.vscode\extensions\redhat.java-1.50.0-win32-x64\jre\21.0.9-win32-x86_64\bin\verify.dll
0x00007ffd8b480000 - 0x00007ffd8b4c4000 	C:\Users\ddgol\AppData\Roaming\Code\User\globalStorage\redhat.java\1.50.0\config_win\org.eclipse.equinox.launcher\org.eclipse.equinox.launcher.win32.win32.x86_64_1.2.1400.v20250801-0854\eclipse_11916.dll
0x00007ffde4700000 - 0x00007ffde4897000 	C:\WINDOWS\System32\ole32.dll
0x00007ffdc9800000 - 0x00007ffdc980a000 	C:\Users\ddgol\.vscode\extensions\redhat.java-1.50.0-win32-x64\jre\21.0.9-win32-x86_64\bin\management.dll
0x00007ffdb4380000 - 0x00007ffdb438c000 	C:\Users\ddgol\.vscode\extensions\redhat.java-1.50.0-win32-x64\jre\21.0.9-win32-x86_64\bin\management_ext.dll
0x00007ffde36d0000 - 0x00007ffde36d8000 	C:\WINDOWS\System32\PSAPI.DLL
0x00007ffde18a0000 - 0x00007ffde18bb000 	C:\WINDOWS\SYSTEM32\CRYPTSP.dll
0x00007ffde0e90000 - 0x00007ffde0eca000 	C:\WINDOWS\system32\rsaenh.dll
0x00007ffde15e0000 - 0x00007ffde160b000 	C:\WINDOWS\SYSTEM32\USERENV.dll
0x00007ffde2080000 - 0x00007ffde20aa000 	C:\WINDOWS\SYSTEM32\bcrypt.dll
0x00007ffde18c0000 - 0x00007ffde18cc000 	C:\WINDOWS\SYSTEM32\CRYPTBASE.dll
0x00007ffde09c0000 - 0x00007ffde09f4000 	C:\WINDOWS\SYSTEM32\IPHLPAPI.DLL
0x00007ffde2ee0000 - 0x00007ffde2eea000 	C:\WINDOWS\System32\NSI.dll
0x00007ffd8a7a0000 - 0x00007ffd8a7e9000 	C:\Users\ddgol\AppData\Local\Temp\jna-95433732\jna3668719210615579846.dll
0x00007ffdd8120000 - 0x00007ffdd813e000 	C:\WINDOWS\SYSTEM32\dhcpcsvc6.DLL
0x00007ffdd80f0000 - 0x00007ffdd8113000 	C:\WINDOWS\SYSTEM32\dhcpcsvc.DLL
0x00007ffd9eca0000 - 0x00007ffd9ecae000 	C:\Users\ddgol\.vscode\extensions\redhat.java-1.50.0-win32-x64\jre\21.0.9-win32-x86_64\bin\sunmscapi.dll
0x00007ffde27c0000 - 0x00007ffde2937000 	C:\WINDOWS\System32\CRYPT32.dll
0x00007ffde1ac0000 - 0x00007ffde1af0000 	C:\WINDOWS\SYSTEM32\ncrypt.dll
0x00007ffde1a70000 - 0x00007ffde1aaf000 	C:\WINDOWS\SYSTEM32\NTASN1.dll
0x00007ffde0a00000 - 0x00007ffde0b2c000 	C:\WINDOWS\SYSTEM32\DNSAPI.dll
0x00007ffdd6990000 - 0x00007ffdd699b000 	C:\Windows\System32\rasadhlp.dll
0x00007ffdd8570000 - 0x00007ffdd85f6000 	C:\WINDOWS\System32\fwpuclnt.dll
0x00007ffd96f50000 - 0x00007ffd96f59000 	C:\Users\ddgol\.vscode\extensions\redhat.java-1.50.0-win32-x64\jre\21.0.9-win32-x86_64\bin\extnet.dll
0x00007ffda07c0000 - 0x00007ffda07e7000 	C:\Users\ddgol\.gradle\native\1def1411415f61bf3af743bc5b6707747c0891f09f0c88961ee8f79bc544acac\windows-amd64\native-platform.dll
0x00007ffda3f20000 - 0x00007ffda3f28000 	C:\WINDOWS\system32\wshunix.dll

JVMTI agents:
c:\Users\ddgol\.vscode\extensions\redhat.java-1.50.0-win32-x64\lombok\lombok-1.18.39-4050.jar path:c:\Users\ddgol\.vscode\extensions\redhat.java-1.50.0-win32-x64\jre\21.0.9-win32-x86_64\bin\instrument.dll, loaded, initialized, instrumentlib options:none

dbghelp: loaded successfully - version: 4.0.5 - missing functions: none
symbol engine: initialized successfully - sym options: 0x614 - pdb path: .;c:\Users\ddgol\.vscode\extensions\redhat.java-1.50.0-win32-x64\jre\21.0.9-win32-x86_64\bin;C:\WINDOWS\SYSTEM32;C:\WINDOWS\WinSxS\amd64_microsoft.windows.common-controls_6595b64144ccf1df_6.0.26100.7019_none_3e06ffa0e335b8a8;c:\Users\ddgol\.vscode\extensions\redhat.java-1.50.0-win32-x64\jre\21.0.9-win32-x86_64\bin\server;C:\Users\ddgol\AppData\Roaming\Code\User\globalStorage\redhat.java\1.50.0\config_win\org.eclipse.equinox.launcher\org.eclipse.equinox.launcher.win32.win32.x86_64_1.2.1400.v20250801-0854;C:\Users\ddgol\AppData\Local\Temp\jna-95433732;C:\Users\ddgol\.gradle\native\1def1411415f61bf3af743bc5b6707747c0891f09f0c88961ee8f79bc544acac\windows-amd64

VM Arguments:
jvm_args: --add-modules=ALL-SYSTEM --add-opens=java.base/java.util=ALL-UNNAMED --add-opens=java.base/java.lang=ALL-UNNAMED --add-opens=java.base/sun.nio.fs=ALL-UNNAMED -Declipse.application=org.eclipse.jdt.ls.core.id1 -Dosgi.bundles.defaultStartLevel=4 -Declipse.product=org.eclipse.jdt.ls.core.product -Djava.import.generatesMetadataFilesAtProjectRoot=false -DDetectVMInstallationsJob.disabled=true -Dfile.encoding=utf8 -XX:+UseParallelGC -XX:GCTimeRatio=4 -XX:AdaptiveSizePolicyWeight=90 -Dsun.zip.disableMemoryMapping=true -Xmx2G -Xms100m -Xlog:disable -javaagent:c:\Users\ddgol\.vscode\extensions\redhat.java-1.50.0-win32-x64\lombok\lombok-1.18.39-4050.jar -XX:+HeapDumpOnOutOfMemoryError -XX:HeapDumpPath=c:\Users\ddgol\AppData\Roaming\Code\User\workspaceStorage\82c0340969e9a167fd75a9e72ffabdbd\redhat.java -Daether.dependencyCollector.impl=bf 
java_command: c:\Users\ddgol\.vscode\extensions\redhat.java-1.50.0-win32-x64\server\plugins\org.eclipse.equinox.launcher_1.7.100.v20251111-0406.jar -configuration c:\Users\ddgol\AppData\Roaming\Code\User\globalStorage\redhat.java\1.50.0\config_win -data c:\Users\ddgol\AppData\Roaming\Code\User\workspaceStorage\82c0340969e9a167fd75a9e72ffabdbd\redhat.java\jdt_ws --pipe=\\.\pipe\lsp-531395bc87e1bb9edf703214507f7e40-sock
java_class_path (initial): c:\Users\ddgol\.vscode\extensions\redhat.java-1.50.0-win32-x64\server\plugins\org.eclipse.equinox.launcher_1.7.100.v20251111-0406.jar
Launcher Type: SUN_STANDARD

[Global flags]
    uintx AdaptiveSizePolicyWeight                 = 90                                        {product} {command line}
     intx CICompilerCount                          = 12                                        {product} {ergonomic}
    uintx GCTimeRatio                              = 4                                         {product} {command line}
     bool HeapDumpOnOutOfMemoryError               = true                                   {manageable} {command line}
    ccstr HeapDumpPath                             = c:\Users\ddgol\AppData\Roaming\Code\User\workspaceStorage\82c0340969e9a167fd75a9e72ffabdbd\redhat.java         {manageable} {command line}
   size_t InitialHeapSize                          = 104857600                                 {product} {command line}
   size_t MaxHeapSize                              = 2147483648                                {product} {command line}
   size_t MaxNewSize                               = 715653120                                 {product} {ergonomic}
   size_t MinHeapDeltaBytes                        = 524288                                    {product} {ergonomic}
   size_t MinHeapSize                              = 104857600                                 {product} {command line}
   size_t NewSize                                  = 34603008                                  {product} {ergonomic}
    uintx NonNMethodCodeHeapSize                   = 7602480                                {pd product} {ergonomic}
    uintx NonProfiledCodeHeapSize                  = 122027880                              {pd product} {ergonomic}
   size_t OldSize                                  = 70254592                                  {product} {ergonomic}
    uintx ProfiledCodeHeapSize                     = 122027880                              {pd product} {ergonomic}
    uintx ReservedCodeCacheSize                    = 251658240                              {pd product} {ergonomic}
     bool SegmentedCodeCache                       = true                                      {product} {ergonomic}
   size_t SoftMaxHeapSize                          = 2147483648                             {manageable} {ergonomic}
     bool UseCompressedOops                        = true                           {product lp64_product} {ergonomic}
     bool UseLargePagesIndividualAllocation        = false                                  {pd product} {ergonomic}
     bool UseParallelGC                            = true                                      {product} {command line}

Logging:
Log output configuration:
 #0: stdout all=off uptime,level,tags foldmultilines=false
 #1: stderr all=off uptime,level,tags foldmultilines=false

Release file:
JAVA_VERSION="21.0.9" 
MODULES="java.base java.compiler java.datatransfer java.xml java.prefs java.desktop java.instrument java.logging java.management java.security.sasl java.naming java.rmi java.management.rmi java.net.http java.scripting java.security.jgss java.transaction.xa java.sql java.sql.rowset java.xml.crypto java.se java.smartcardio jdk.accessibility jdk.internal.jvmstat jdk.attach jdk.charsets jdk.internal.opt jdk.zipfs jdk.compiler jdk.crypto.ec jdk.crypto.cryptoki jdk.crypto.mscapi jdk.dynalink jdk.internal.ed jdk.editpad jdk.hotspot.agent jdk.httpserver jdk.internal.le jdk.internal.vm.ci jdk.internal.vm.compiler jdk.internal.vm.compiler.management jdk.jartool jdk.javadoc jdk.jcmd jdk.management jdk.management.agent jdk.jconsole jdk.jdeps jdk.jdwp.agent jdk.jdi jdk.jfr jdk.jshell jdk.jsobject jdk.jstatd jdk.localedata jdk.management.jfr jdk.naming.dns jdk.naming.rmi jdk.net jdk.nio.mapmode jdk.random jdk.sctp jdk.security.auth jdk.security.jgss jdk.unsupported jdk.unsupported.desktop jdk.xml.dom" 

Environment Variables:
JAVA_HOME=C:\Program Files\Eclipse Adoptium\jdk-17.0.17.10-hotspot
PATH=C:\Program Files\Eclipse Adoptium\jdk-17.0.17.10-hotspot\bin;C:\Program Files (x86)\Common Files\Intel\Shared Libraries\redist\intel64_win\compiler;C:\Windows\system32;C:\Windows;C:\Windows\System32\Wbem;C:\Windows\System32\WindowsPowerShell\v1.0\;C:\Windows\System32\OpenSSH\;C:\Program Files (x86)\NVIDIA Corporation\PhysX\Common;C:\WINDOWS\system32;C:\WINDOWS;C:\WINDOWS\System32\Wbem;C:\WINDOWS\System32\WindowsPowerShell\v1.0\;C:\WINDOWS\System32\OpenSSH\;C:\Program Files\dotnet\;C:\Program Files\nodejs\;C:\Program Files\apache-maven-3.9.9\bin;C:\Program Files\Java\jdk-23\bin;C:\Program Files\Amazon\AWSCLIV2\;C:\Program Files\NVIDIA Corporation\NVIDIA App\NvDLISR;C:\Users\ddgol\Desktop\Git\cmd;C:\Users\ddgol\AppData\Local\Programs\Python\Launcher\;C:\Users\ddgol\AppData\Local\Microsoft\WindowsApps;C:\Users\ddgol\AppData\Roaming\npm;C:\Users\ddgol\yandex-cloud\bin;C:\Users\ddgol\AppData\Local\Programs\Microsoft VS Code\bin;%ANDROID_HOME$\platform-tools;%ANDROID_HOME$\tools;%ANDROID_HOME$\emulator;C:\Users\ddgol\AppData\Local\Android\Sdk\platform-tools;
USERNAME=ddgol
OS=Windows_NT
PROCESSOR_IDENTIFIER=Intel64 Family 6 Model 165 Stepping 2, GenuineIntel
TMP=C:\Users\ddgol\AppData\Local\Temp
TEMP=C:\Users\ddgol\AppData\Local\Temp




Periodic native trim disabled

---------------  S Y S T E M  ---------------

OS:
 Windows 11 , 64 bit Build 26100 (10.0.26100.7019)
OS uptime: 11 days 1:16 hours
Hyper-V role detected

CPU: total 16 (initial active 16) (8 cores per cpu, 2 threads per core) family 6 model 165 stepping 2 microcode 0x100, cx8, cmov, fxsr, ht, mmx, 3dnowpref, sse, sse2, sse3, ssse3, sse4.1, sse4.2, popcnt, lzcnt, tsc, tscinvbit, avx, avx2, aes, erms, clmul, bmi1, bmi2, adx, fma, vzeroupper, clflush, clflushopt, hv, rdtscp, f16c
Processor Information for the first 16 processors :
  Max Mhz: 2208, Current Mhz: 2208, Mhz Limit: 2208

Memory: 4k page, system-wide physical 16158M (1856M free)
TotalPageFile size 27236M (AvailPageFile size 102M)
current process WorkingSet (physical memory assigned to process): 62M, peak: 1802M
current process commit charge ("private bytes"): 867M, peak: 1811M

vm_info: OpenJDK 64-Bit Server VM (21.0.9+10-LTS) for windows-amd64 JRE (21.0.9+10-LTS), built on 2025-10-21T00:00:00Z by "admin" with unknown MS VC++:1942

END.
